// Jest Snapshot v1, https://goo.gl/fbAQLP

exports[`Header component render without errors 1`] = `ShallowWrapper {}`;
